// Jest Snapshot v1, https://goo.gl/fbAQLP

exports[`components form-checkbox renders according to snapshot 1`] = `
<styled.div
  changeHandler={[MockFunction]}
  defaultValue={true}
  label="I am a checkbox"
  name="testme"
>
  <styled.input
    checked={true}
    data-testid="form-checkbox"
    id="testme"
    name="testme"
    onBlur={[Function]}
    onChange={[Function]}
    onFocus={[Function]}
    tabIndex={0}
    type="checkbox"
  />
  <styled.span
    className="checkmark"
    onKeyDown={[Function]}
    outline="0"
  />
  <FormFieldLabel
    label="I am a checkbox"
    styles={Object {}}
  />
</styled.div>
`;
