// Jest Snapshot v1, https://goo.gl/fbAQLP

exports[`components searchable-input renders according to snapshot 1`] = `
<styled.div
  id="searchable_cont"
  onBlur={[Function]}
>
  <FormFieldLabel
    error={false}
    label="Search Me"
  />
  <styled.div
    error={false}
    tabIndex={-1}
  >
    <Autosuggest
      alwaysRenderSuggestions={false}
      focusInputOnSuggestionClick={true}
      getSuggestionValue={[Function]}
      highlightFirstSuggestion={false}
      id="1"
      inputProps={
        Object {
          "onChange": [Function],
          "placeholder": "Search...",
          "value": "Some Value",
        }
      }
      multiSection={false}
      onSuggestionSelected={[Function]}
      onSuggestionsClearRequested={[Function]}
      onSuggestionsFetchRequested={[Function]}
      renderInputComponent={[Function]}
      renderSuggestion={[Function]}
      renderSuggestionsContainer={[Function]}
      shouldRenderSuggestions={[Function]}
      suggestions={Array []}
      theme={
        Object {
          "container": "react-autosuggest__container",
          "containerOpen": "react-autosuggest__container--open",
          "input": "react-autosuggest__input",
          "inputFocused": "react-autosuggest__input--focused",
          "inputOpen": "react-autosuggest__input--open",
          "sectionContainer": "react-autosuggest__section-container",
          "sectionContainerFirst": "react-autosuggest__section-container--first",
          "sectionTitle": "react-autosuggest__section-title",
          "suggestion": "react-autosuggest__suggestion",
          "suggestionFirst": "react-autosuggest__suggestion--first",
          "suggestionHighlighted": "react-autosuggest__suggestion--highlighted",
          "suggestionsContainer": "react-autosuggest__suggestions-container",
          "suggestionsContainerOpen": "react-autosuggest__suggestions-container--open",
          "suggestionsList": "react-autosuggest__suggestions-list",
        }
      }
    />
    <NoDataDropdown />
  </styled.div>
</styled.div>
`;
